src/components/request-song-modal.tsx(5,27): error TS2307: Cannot find module '@frontend/lib/api-client' or its corresponding type declarations.
src/components/request-song-modal.tsx(6,27): error TS2307: Cannot find module '@frontend/types' or its corresponding type declarations.
src/components/tabs/queue-tab.tsx(8,27): error TS2307: Cannot find module '@frontend/types' or its corresponding type declarations.
